-------------------------------------------------------------------------------
Name     : Shielded net name
Length   : Shielded net length
Shield   : Total length of shielding wire
ratio    : Average shielding ratio

-------------------------------------------------------------------------------
Name          Length    Shield    Ratio
-------------------------------------------------------------------------------
CTS_1771:
                12.8       0.5    0.018
                                         METAL2:        0.4        0.0  0.000
                                         METAL3:        4.6        0.5  0.050
                                         METAL6:        7.8        0.0  0.000
CTS_1825:
                 9.7       2.8    0.143
                                         METAL1:        0.9        0.0  0.000
                                         METAL2:        7.4        0.0  0.000
                                         METAL3:        1.4        2.8  1.000
CTS_1959:
                24.9      10.2    0.206
                                         METAL2:       14.8        6.3  0.215
                                         METAL3:       10.1        3.9  0.192
CTS_1794:
                11.2       6.0    0.271
                                         METAL2:        7.0        1.9  0.136
                                         METAL3:        4.1        4.1  0.500
CTS_1797:
                 3.2       1.9    0.294
                                         METAL3:        3.2        1.9  0.294
CTS_1947:
                 7.4       4.7    0.316
                                         METAL1:        0.9        0.0  0.000
                                         METAL3:        6.4        4.7  0.361
CTS_1832:
                18.0      11.6    0.323
                                         METAL1:        0.9        0.0  0.000
                                         METAL2:       14.3       10.2  0.356
                                         METAL3:        2.7        1.4  0.255
CTS_2026:
                11.3       8.0    0.353
                                         METAL2:        0.4        0.0  0.000
                                         METAL3:       10.1        6.6  0.330
                                         METAL4:        0.8        1.3  0.811
CTS_1746:
                10.7       7.8    0.362
                                         METAL2:        0.2        0.0  0.000
                                         METAL6:        0.4        0.4  0.500
                                         METAL7:       10.1        7.4  0.364
CTS_1803:
                10.1       7.3    0.363
                                         METAL2:        7.8        5.0  0.322
                                         METAL3:        2.3        2.3  0.500
CTS_1554:
                27.2      21.2    0.389
                                         METAL1:        0.9        0.0  0.000
                                         METAL3:        1.8        1.8  0.500
                                         METAL6:       14.8        0.0  0.000
                                         METAL7:        9.7       19.3  1.000
CTS_1792:
                 7.4       6.1    0.417
                                         METAL1:        0.9        0.0  0.000
                                         METAL3:        6.4        6.1  0.477
CTS_1783:
                18.8      16.2    0.430
                                         METAL2:        7.8       11.0  0.704
                                         METAL3:       11.0        5.2  0.237
CTS_1633:
                47.8      42.7    0.446
                                         METAL3:        0.9        0.0  0.000
                                         METAL4:        0.4        0.4  0.500
                                         METAL5:       13.8       27.6  1.000
                                         METAL6:       29.9       11.9  0.199
                                         METAL7:        2.8        2.8  0.500
CTS_2022:
                26.7      24.2    0.453
                                         METAL1:        1.4        0.0  0.000
                                         METAL2:        7.4        9.5  0.637
                                         METAL3:        1.8        0.6  0.152
                                         METAL4:       16.0       14.1  0.441
CTS_1737:
                11.4      10.6    0.464
                                         METAL5:        0.5        0.5  0.500
                                         METAL6:        0.8        0.0  0.000
                                         METAL7:       10.1       10.1  0.500
CTS_1950:
                12.8      12.0    0.470
                                         METAL2:        0.4        0.0  0.000
                                         METAL3:        4.6        4.2  0.461
                                         METAL6:        7.8        7.8  0.500
CTS_2006:
                12.4      11.8    0.473
                                         METAL2:        7.8        8.8  0.561
                                         METAL3:        4.6        3.0  0.322
CTS_1995:
                20.1      19.3    0.480
                                         METAL2:        0.8        0.0  0.000
                                         METAL3:       11.5        9.0  0.389
                                         METAL4:        7.8       10.3  0.664
CTS_1838:
                12.0      11.7    0.489
                                         METAL2:        7.4        5.5  0.372
                                         METAL3:        4.6        6.2  0.678
CTS_1800:
                28.8      28.3    0.491
                                         METAL2:        2.0        0.0  0.000
                                         METAL3:       12.4       13.3  0.539
                                         METAL4:       14.4       15.0  0.520
CTS_1615:
                21.6      21.3    0.493
                                         METAL2:        0.8        0.0  0.000
                                         METAL3:       13.8       11.7  0.424
                                         METAL4:        7.0        9.6  0.688
CTS_1892:
                30.4      30.0    0.494
                                         METAL1:        1.8        0.0  0.000
                                         METAL3:        6.0        7.4  0.616
                                         METAL6:       14.8       17.9  0.608
                                         METAL7:        7.8        4.7  0.301
CTS_1742:
                35.5      35.6    0.502
                                         METAL4:        0.4        0.0  0.000
                                         METAL5:        0.5        0.5  0.500
                                         METAL6:       29.5       29.1  0.492
                                         METAL7:        5.1        6.1  0.601
CTS_1856:
                18.4      18.5    0.503
                                         METAL2:        0.8        0.0  0.000
                                         METAL6:        7.0       12.4  0.890
                                         METAL7:       10.6        6.1  0.287
CTS_1952:
                12.9      13.3    0.517
                                         METAL2:        7.4       13.3  0.903
                                         METAL3:        5.5        0.0  0.000
CTS_1625:
                56.7      58.6    0.517
                                         METAL2:       37.8       41.0  0.542
                                         METAL3:       18.9       17.6  0.466
CTS_1763:
                28.5      29.5    0.518
                                         METAL1:        1.8        0.0  0.000
                                         METAL3:        3.7        6.0  0.820
                                         METAL6:       23.0       23.5  0.512
CTS_1720:
                47.0      50.0    0.531
                                         METAL2:       37.4       34.3  0.459
                                         METAL3:        9.7       15.6  0.810
CTS_1863:
                 9.3       9.9    0.536
                                         METAL1:        0.5        0.0  0.000
                                         METAL2:        7.0        7.0  0.500
                                         METAL3:        1.8        3.0  0.804
CTS_1888:
                35.0      37.6    0.538
                                         METAL3:       27.6       31.7  0.574
                                         METAL4:        7.4        5.9  0.400
CTS_1735:
                30.5      33.1    0.542
                                         METAL2:        8.6        9.9  0.575
                                         METAL3:       12.0       15.4  0.644
                                         METAL6:        5.3        0.0  0.000
                                         METAL7:        4.6        7.8  0.843
CTS_1808:
               194.6     213.1    0.547
                                         METAL1:        0.9        0.0  0.000
                                         METAL2:        0.4        0.0  0.000
                                         METAL3:        0.5        0.0  0.000
                                         METAL5:       23.9       44.3  0.926
                                         METAL6:      168.9      168.8  0.500
CTS_1871:
                47.0      51.5    0.548
                                         METAL2:       45.7       50.2  0.549
                                         METAL3:        1.4        1.4  0.500
CTS_2033:
                13.3      15.0    0.563
                                         METAL1:        1.4        0.0  0.000
                                         METAL3:       12.0       15.0  0.628
CTS_1549:
                22.2      25.3    0.570
                                         METAL2:        1.2        0.8  0.333
                                         METAL3:       12.0       22.1  0.925
                                         METAL4:        9.0        2.4  0.132
CTS_1624:
                41.5      47.4    0.572
                                         METAL2:       30.0       30.3  0.506
                                         METAL3:       11.5       17.1  0.744
CTS_1599:
                39.6      45.7    0.578
                                         METAL2:        5.3        2.7  0.254
                                         METAL3:       20.7       18.3  0.442
                                         METAL4:       13.5       24.7  0.914
CTS_1561:
                35.0      40.7    0.581
                                         METAL1:        0.9        0.0  0.000
                                         METAL2:        9.4        7.8  0.413
                                         METAL3:        3.7        4.2  0.570
                                         METAL4:       13.6       14.0  0.513
                                         METAL6:        7.4       14.8  1.000
CTS_1748:
                28.6      33.8    0.590
                                         METAL1:        0.5        0.0  0.000
                                         METAL2:       22.2       24.5  0.553
                                         METAL3:        6.0        9.3  0.774
CTS_1841:
                46.5      55.1    0.592
                                         METAL2:        0.4        0.0  0.000
                                         METAL4:       13.9        5.5  0.195
                                         METAL6:        7.8       15.0  0.961
                                         METAL7:       24.4       34.6  0.710
CTS_1731:
                52.2      61.9    0.593
                                         METAL2:       29.6       28.0  0.473
                                         METAL3:       22.5       33.9  0.752
CTS_1768:
                22.5      26.7    0.595
                                         METAL2:        8.2        9.4  0.573
                                         METAL3:       14.3       17.3  0.607
CTS_2019:
                24.4      29.5    0.603
                                         METAL2:        6.6        5.5  0.419
                                         METAL5:        0.5        0.0  0.000
                                         METAL6:        8.2       15.6  0.950
                                         METAL7:        9.2        8.4  0.456
CTS_1817:
                45.6      55.3    0.606
                                         METAL2:       30.9       29.9  0.484
                                         METAL3:       14.7       25.4  0.861
CTS_1867:
                15.5      18.9    0.608
                                         METAL2:        0.8        0.8  0.500
                                         METAL3:       14.7       18.1  0.614
CTS_1853:
                 8.6      10.6    0.615
                                         METAL2:        0.8        0.0  0.000
                                         METAL3:        7.8       10.6  0.680
CTS_1764:
                29.8      36.8    0.617
                                         METAL1:        1.4        0.0  0.000
                                         METAL2:        0.4        0.4  0.500
                                         METAL3:       20.2       28.6  0.707
                                         METAL6:        7.8        7.8  0.500
CTS_1667:
                 8.2      10.2    0.620
                                         METAL1:        0.5        0.0  0.000
                                         METAL2:        0.4        0.0  0.000
                                         METAL3:        7.4       10.2  0.693
CTS_2036:
                12.3      15.3    0.620
                                         METAL2:        0.8        0.4  0.250
                                         METAL3:       11.5       14.9  0.647
CTS_1897:
                35.0      44.0    0.630
                                         METAL1:        0.5        0.0  0.000
                                         METAL2:        3.7        6.6  0.889
                                         METAL3:       30.8       37.5  0.608
CTS_1738:
                10.8      13.6    0.631
                                         METAL1:        1.8        0.0  0.000
                                         METAL2:        6.2        8.1  0.655
                                         METAL3:        2.8        5.5  1.000
CTS_2016:
                16.7      21.1    0.632
                                         METAL2:        6.6       10.2  0.772
                                         METAL3:       10.1       10.9  0.540
CTS_1981:
                24.8      31.6    0.637
                                         METAL1:        0.9        0.0  0.000
                                         METAL2:       15.6       15.4  0.495
                                         METAL3:        8.3       16.2  0.976
CTS_1924:
                17.1      21.8    0.638
                                         METAL1:        2.8        4.4  0.801
                                         METAL2:        7.0       10.7  0.768
                                         METAL3:        7.4        6.7  0.454
CTS_1798:
                17.4      22.2    0.638
                                         METAL2:        0.4        0.0  0.000
                                         METAL3:       17.0       22.2  0.653
CTS_1679:
                17.1      21.9    0.640
                                         METAL2:        6.6       11.7  0.895
                                         METAL6:        0.4        0.0  0.000
                                         METAL7:       10.1       10.1  0.500
CTS_1780:
                38.0      49.1    0.645
                                         METAL6:        1.2        1.1  0.441
                                         METAL7:       36.8       48.0  0.652
CTS_1716:
                 7.4       9.6    0.653
                                         METAL3:        7.4        9.6  0.653
CTS_1891:
                24.0      31.4    0.655
                                         METAL4:        0.4        0.0  0.000
                                         METAL5:        9.2        3.8  0.205
                                         METAL6:        6.6       12.0  0.914
                                         METAL7:        7.8       15.6  1.000
CTS_1860:
                23.8      31.2    0.656
                                         METAL2:        0.8        0.4  0.250
                                         METAL3:       23.0       30.8  0.670
CTS_1755:
                15.1      19.9    0.656
                                         METAL2:        0.4        0.0  0.000
                                         METAL3:       14.7       19.9  0.674
CTS_1564:
                16.2      21.4    0.661
                                         METAL1:        0.9        0.0  0.000
                                         METAL2:        1.6        0.4  0.125
                                         METAL3:        8.7       15.2  0.868
                                         METAL4:        4.9        5.8  0.593
CTS_1787:
                48.1      63.9    0.664
                                         METAL2:        0.8        0.8  0.500
                                         METAL3:       47.3       63.1  0.667
CTS_1984:
                12.8      17.1    0.669
                                         METAL2:        0.4        0.4  0.500
                                         METAL3:        4.6        1.7  0.189
                                         METAL6:        7.8       15.0  0.961
CTS_1969:
                35.0      46.9    0.671
                                         METAL2:        0.4        0.4  0.500
                                         METAL3:       27.6       39.4  0.714
                                         METAL4:        7.0        7.1  0.511
CTS_2014:
                14.9      20.0    0.672
                                         METAL2:        9.8       11.6  0.588
                                         METAL3:        5.1        8.4  0.833
CTS_1581:
                14.9      20.0    0.672
                                         METAL2:        0.4        0.0  0.000
                                         METAL3:        3.7        5.4  0.728
                                         METAL6:        2.0        4.1  1.000
                                         METAL7:        8.7       10.5  0.602
CTS_2000:
                25.8      34.9    0.676
                                         METAL2:       15.2       25.3  0.830
                                         METAL3:       10.6        9.6  0.454
CTS_1943:
                10.9      14.8    0.677
                                         METAL2:        0.8        0.8  0.500
                                         METAL3:       10.1       14.0  0.691
CTS_1822:
                10.1      14.0    0.692
                                         METAL1:        0.9        0.0  0.000
                                         METAL2:        7.8       12.7  0.807
                                         METAL3:        1.4        1.4  0.500
CTS_1643:
                35.3      49.3    0.697
                                         METAL2:        0.4        0.4  0.500
                                         METAL3:       12.0       20.0  0.837
                                         METAL4:       23.0       28.9  0.629
CTS_1845:
                 8.2      11.6    0.705
                                         METAL2:        0.4        0.0  0.000
                                         METAL3:        7.8       11.6  0.742
CTS_1922:
                39.1      55.4    0.708
                                         METAL2:       16.9       22.3  0.660
                                         METAL3:       20.2       31.1  0.769
                                         METAL4:        2.0        2.0  0.500
CTS_1905:
                22.3      31.6    0.709
                                         METAL1:        3.2        5.8  0.898
                                         METAL2:        7.0       11.5  0.822
                                         METAL6:        7.5       10.6  0.706
                                         METAL7:        4.6        3.8  0.411
CTS_1977:
                18.9      26.8    0.709
                                         METAL1:        0.5        0.0  0.000
                                         METAL2:       14.8       21.3  0.721
                                         METAL3:        3.7        5.5  0.750
CTS_1556:
                48.6      69.2    0.712
                                         METAL2:       17.6       25.7  0.730
                                         METAL3:       24.8       35.1  0.707
                                         METAL4:        6.2        8.4  0.680
CTS_1726:
                14.6      20.9    0.715
                                         METAL2:        0.8        0.0  0.000
                                         METAL3:       13.8       20.9  0.758
CTS_1607:
                37.6      53.8    0.716
                                         METAL2:        7.4        8.8  0.598
                                         METAL3:       24.8       39.6  0.797
                                         METAL4:        5.3        5.3  0.500
CTS_1659:
                26.1      37.3    0.716
                                         METAL2:        1.2        1.6  0.667
                                         METAL3:       24.8       35.7  0.718
CTS_1903:
                44.6      63.9    0.717
                                         METAL2:       23.4       30.1  0.643
                                         METAL3:       21.2       33.8  0.799
CTS_1703:
                12.5      18.0    0.722
                                         METAL2:        7.4       11.1  0.746
                                         METAL3:        5.1        7.0  0.687
CTS_1711:
                18.4      26.7    0.725
                                         METAL1:        0.9        0.0  0.000
                                         METAL2:        7.4       14.8  1.000
                                         METAL3:       10.1       12.0  0.591
CTS_2028:
                10.9      15.8    0.727
                                         METAL2:        1.2        0.0  0.000
                                         METAL3:        9.7       15.8  0.820
CTS_1963:
                69.1     100.7    0.728
                                         METAL3:        0.9        1.8  1.000
                                         METAL5:        2.3        3.4  0.743
                                         METAL6:       51.7       67.2  0.651
                                         METAL7:       14.3       28.2  0.989
CTS_1550:
                24.3      35.4    0.729
                                         METAL1:        0.9        0.0  0.000
                                         METAL2:        0.4        0.0  0.000
                                         METAL3:        7.4        8.0  0.541
                                         METAL4:       15.6       27.4  0.880
CTS_1986:
                73.8     107.9    0.732
                                         METAL2:       23.7       19.1  0.404
                                         METAL3:        1.4        2.8  1.000
                                         METAL4:        2.0        0.0  0.000
                                         METAL6:        1.2        0.8  0.333
                                         METAL7:       45.4       85.2  0.938
CTS_1674:
                 9.2      13.5    0.737
                                         METAL1:        0.5        0.0  0.000
                                         METAL2:        0.4        0.4  0.500
                                         METAL3:        8.3       13.1  0.790
CTS_1590:
                17.1      25.3    0.740
                                         METAL2:        6.6        4.2  0.322
                                         METAL6:        0.4        0.8  1.000
                                         METAL7:       10.1       20.2  1.000
CTS_2003:
                48.7      72.5    0.745
                                         METAL2:        0.8        0.4  0.250
                                         METAL3:       47.8       72.1  0.754
CTS_1700:
                17.9      26.9    0.751
                                         METAL2:        4.1        6.9  0.844
                                         METAL3:        2.3        0.0  0.000
                                         METAL4:       11.5       19.9  0.869
CTS_1847:
                35.5      53.4    0.752
                                         METAL2:        0.8        0.8  0.500
                                         METAL3:       20.7       39.2  0.948
                                         METAL4:        0.8        0.8  0.500
                                         METAL5:        0.5        0.0  0.000
                                         METAL6:       12.7       12.5  0.492
CTS_1971:
                35.4      53.4    0.753
                                         METAL2:        0.8        0.0  0.000
                                         METAL3:       28.1       41.6  0.742
                                         METAL4:        6.6       11.7  0.895
CTS_1884:
                24.9      37.5    0.754
                                         METAL2:       10.2       12.2  0.593
                                         METAL6:        8.2       13.8  0.838
                                         METAL7:        6.4       11.6  0.902
CTS_1877:
                25.8      39.0    0.757
                                         METAL2:       14.8       19.1  0.646
                                         METAL3:       11.0       20.0  0.904
CTS_1568:
                23.7      35.9    0.758
                                         METAL2:       13.1       15.7  0.598
                                         METAL3:       10.6       20.2  0.957
CTS_1638:
                11.0      16.8    0.760
                                         METAL1:        0.5        0.0  0.000
                                         METAL3:       10.6       16.8  0.793
CTS_1779:
                13.7      20.8    0.762
                                         METAL2:        1.2        0.4  0.167
                                         METAL3:       12.4       20.4  0.820
CTS_1632:
                 9.7      14.8    0.762
                                         METAL1:        0.9        0.0  0.000
                                         METAL2:        7.4       14.8  1.000
                                         METAL3:        1.4        0.0  0.000
CTS_1685:
                16.6      25.3    0.763
                                         METAL3:       16.6       25.3  0.763
CTS_1530:
                11.5      17.6    0.767
                                         METAL2:        0.4        0.4  0.500
                                         METAL3:       11.0       17.2  0.777
CTS_1527:
                31.0      47.7    0.768
                                         METAL1:        1.8        0.0  0.000
                                         METAL2:        7.0        4.2  0.305
                                         METAL5:        0.5        0.0  0.000
                                         METAL6:       13.9       27.8  0.996
                                         METAL7:        7.8       15.6  1.000
CTS_1773:
                39.0      60.3    0.773
                                         METAL2:        0.8        0.0  0.000
                                         METAL3:       38.2       60.3  0.790
CTS_1994:
                55.8      86.4    0.775
                                         METAL2:        4.5        1.2  0.136
                                         METAL3:       21.2       33.3  0.786
                                         METAL4:       12.3       23.7  0.965
                                         METAL6:        4.9        4.8  0.485
                                         METAL7:       12.9       23.4  0.908
CTS_1695:
                16.1      24.9    0.777
                                         METAL3:        1.8        1.4  0.375
                                         METAL4:        0.4        0.0  0.000
                                         METAL5:       13.8       23.6  0.854
CTS_1664:
                19.3      30.1    0.778
                                         METAL2:        2.0        4.1  1.000
                                         METAL3:       12.0       15.3  0.641
                                         METAL4:        5.3       10.7  1.000
CTS_1688:
                17.0      26.5    0.779
                                         METAL3:       17.0       26.5  0.779
CTS_1833:
                35.9      56.3    0.784
                                         METAL3:       35.9       56.3  0.784
CTS_1857:
                27.9      43.8    0.786
                                         METAL1:        0.5        0.0  0.000
                                         METAL2:        1.6        2.4  0.735
                                         METAL3:        6.9       12.0  0.867
                                         METAL5:        0.5        0.5  0.500
                                         METAL6:       14.8       29.0  0.983
                                         METAL7:        3.7        0.0  0.000
CTS_1616:
                96.3     151.5    0.787
                                         METAL2:       10.7       10.2  0.480
                                         METAL3:        1.8        0.0  0.000
                                         METAL4:       12.8        9.2  0.362
                                         METAL6:       21.3       41.2  0.967
                                         METAL7:       49.7       90.8  0.914
CTS_1928:
                34.4      54.2    0.787
                                         METAL1:        0.5        0.0  0.000
                                         METAL2:        8.2        3.4  0.207
                                         METAL3:       25.8       50.8  0.986
CTS_1955:
                 8.3      13.0    0.787
                                         METAL1:        3.7        3.8  0.522
                                         METAL3:        4.6        9.2  1.000
CTS_1657:
                 7.4      11.6    0.789
                                         METAL3:        7.4       11.6  0.789
CTS_1807:
                 8.2      13.0    0.792
                                         METAL1:        0.5        0.0  0.000
                                         METAL2:        0.4        0.0  0.000
                                         METAL3:        7.4       13.0  0.886
CTS_1681:
                42.1      66.9    0.794
                                         METAL6:        1.6        1.6  0.500
                                         METAL7:       40.5       65.3  0.806
CTS_1776:
                15.2      24.4    0.801
                                         METAL3:        2.3        0.0  0.000
                                         METAL6:        7.4       14.8  1.000
                                         METAL7:        5.5        9.6  0.870
CTS_1575:
                12.9      20.8    0.806
                                         METAL2:        7.4       12.0  0.812
                                         METAL3:        5.5        8.8  0.797
CTS_2030:
                27.5      44.6    0.810
                                         METAL2:        1.2        2.5  1.000
                                         METAL3:        3.7        3.3  0.445
                                         METAL4:       14.3       27.3  0.950
                                         METAL5:        8.3       11.6  0.700
CTS_1571:
                29.8      48.4    0.812
                                         METAL2:        0.8        0.8  0.500
                                         METAL3:       29.0       47.6  0.821
CTS_1786:
                10.5      17.0    0.812
                                         METAL2:        0.8        0.8  0.500
                                         METAL3:        9.7       16.2  0.839
CTS_1594:
                22.6      36.9    0.818
                                         METAL1:        0.5        0.0  0.000
                                         METAL3:       11.0       14.8  0.669
                                         METAL6:       11.1       22.1  1.000
CTS_1543:
                28.0      45.9    0.818
                                         METAL2:        2.5        1.7  0.354
                                         METAL3:       20.2       33.8  0.834
                                         METAL4:        5.3       10.3  0.971
CTS_1962:
                11.4      18.8    0.823
                                         METAL2:        0.4        0.0  0.000
                                         METAL3:        3.2        3.2  0.500
                                         METAL4:        7.8       15.6  1.000
CTS_1804:
                50.3      82.9    0.825
                                         METAL3:        2.3        0.0  0.000
                                         METAL4:        0.4        0.0  0.000
                                         METAL5:        1.8        0.9  0.250
                                         METAL6:       45.7       82.0  0.897
CTS_1752:
                43.6      72.0    0.827
                                         METAL3:        0.5        0.0  0.000
                                         METAL4:       19.3       32.0  0.830
                                         METAL5:       12.0       21.7  0.906
                                         METAL6:        0.8        0.8  0.500
                                         METAL7:       11.0       17.6  0.795
CTS_1870:
                11.6      19.4    0.833
                                         METAL2:        7.0       12.4  0.883
                                         METAL3:        4.6        7.0  0.756
CTS_1911:
                 2.8       4.6    0.833
                                         METAL1:        0.5        0.0  0.000
                                         METAL3:        2.3        4.6  1.000
CTS_1728:
                68.9     114.9    0.834
                                         METAL2:        1.6        0.0  0.000
                                         METAL3:        0.9        0.9  0.500
                                         METAL6:        6.6       11.7  0.894
                                         METAL7:       59.8      102.3  0.855
CTS_1682:
                16.6      27.7    0.834
                                         METAL1:        1.4        0.0  0.000
                                         METAL3:        1.8        1.8  0.500
                                         METAL6:        7.0       13.0  0.934
                                         METAL7:        6.4       12.9  1.000
CTS_1690:
                68.0     113.6    0.835
                                         METAL1:        0.5        0.0  0.000
                                         METAL2:        1.6        2.5  0.750
                                         METAL5:        2.3        2.9  0.640
                                         METAL6:       17.6       30.4  0.862
                                         METAL7:       46.0       77.8  0.845
CTS_1729:
               106.6     179.3    0.841
                                         METAL1:        0.9        0.0  0.000
                                         METAL2:        1.7        0.0  0.000
                                         METAL3:        0.9        0.0  0.000
                                         METAL5:        0.5        0.9  1.000
                                         METAL6:       18.9       16.4  0.435
                                         METAL7:       83.7      162.0  0.968
CTS_1626:
                86.1     145.4    0.844
                                         METAL6:        6.6        4.0  0.306
                                         METAL7:       79.6      141.4  0.888
CTS_1587:
                27.2      45.9    0.845
                                         METAL2:        2.9        2.0  0.357
                                         METAL3:       16.1       27.5  0.854
                                         METAL4:        8.2       16.4  1.000
CTS_1909:
                47.2      80.1    0.848
                                         METAL2:        0.8        0.0  0.000
                                         METAL3:       32.7       53.4  0.818
                                         METAL5:        0.5        0.5  0.500
                                         METAL6:        0.4        0.4  0.500
                                         METAL7:       12.9       25.8  1.000
CTS_1675:
                48.7      82.6    0.848
                                         METAL3:        6.0        2.5  0.208
                                         METAL6:        0.4        0.8  1.000
                                         METAL7:       42.3       79.3  0.937
CTS_2031:
                31.9      54.1    0.848
                                         METAL2:        2.9        4.5  0.777
                                         METAL3:       21.6       39.1  0.904
                                         METAL4:        7.4       10.5  0.712
CTS_1935:
                15.5      26.6    0.857
                                         METAL1:        0.9        0.0  0.000
                                         METAL3:        1.4        1.4  0.500
                                         METAL6:        0.8        1.2  0.750
                                         METAL7:       12.4       24.0  0.967
CTS_1533:
                43.8      75.2    0.858
                                         METAL2:        0.4        0.4  0.500
                                         METAL3:        3.2        3.2  0.500
                                         METAL4:        0.4        0.0  0.000
                                         METAL6:       32.4       64.2  0.991
                                         METAL7:        7.4        7.4  0.500
CTS_1529:
                28.1      48.5    0.861
                                         METAL3:       21.2       41.5  0.980
                                         METAL4:        7.0        7.0  0.500
CTS_1914:
                17.8      30.7    0.862
                                         METAL1:        1.8        0.0  0.000
                                         METAL6:        1.2        1.2  0.500
                                         METAL7:       14.7       29.4  1.000
CTS_1939:
                62.9     108.6    0.863
                                         METAL3:        3.7        0.0  0.000
                                         METAL5:        0.5        0.0  0.000
                                         METAL6:        0.8        0.8  0.500
                                         METAL7:       58.0      107.8  0.930
CTS_1940:
                93.3     161.7    0.867
                                         METAL3:        0.5        0.0  0.000
                                         METAL4:       20.1       34.3  0.854
                                         METAL5:        3.7        4.7  0.639
                                         METAL6:        3.3        2.9  0.438
                                         METAL7:       65.8      119.9  0.911
CTS_1789:
               116.9     202.8    0.868
                                         METAL2:        1.6        0.8  0.250
                                         METAL3:        3.2        5.6  0.866
                                         METAL6:        5.7       10.0  0.875
                                         METAL7:      106.3      186.4  0.877
CTS_1620:
                28.7      50.0    0.872
                                         METAL2:        6.6       10.0  0.759
                                         METAL3:        6.0       11.0  0.919
                                         METAL6:        7.4       13.1  0.889
                                         METAL7:        8.7       15.9  0.909
CTS_1707:
                10.1      17.6    0.872
                                         METAL2:        0.4        0.0  0.000
                                         METAL3:        9.7       17.6  0.909
CTS_1991:
                87.2     152.4    0.874
                                         METAL6:       12.7       21.8  0.858
                                         METAL7:       74.5      130.6  0.876
CTS_1611:
                25.2      44.3    0.877
                                         METAL2:        0.8        0.8  0.500
                                         METAL3:        3.2        6.4  1.000
                                         METAL6:       14.8       26.8  0.908
                                         METAL7:        6.4       10.2  0.793
CTS_1998:
                34.5      60.5    0.877
                                         METAL3:       34.5       60.5  0.877
CTS_1739:
                61.8     108.5    0.878
                                         METAL3:        0.5        0.0  0.000
                                         METAL5:       22.1       32.8  0.742
                                         METAL6:       36.5       73.0  1.000
                                         METAL7:        2.8        2.8  0.500
CTS_1696:
                12.1      21.2    0.879
                                         METAL2:        7.0       12.9  0.920
                                         METAL3:        5.1        8.3  0.824
CTS_2015:
               109.0     192.8    0.884
                                         METAL1:        1.4        0.0  0.000
                                         METAL5:        1.4        0.5  0.167
                                         METAL6:        3.7        7.4  1.000
                                         METAL7:      102.6      185.0  0.902
CTS_1697:
                20.6      36.7    0.889
                                         METAL3:        0.5        0.0  0.000
                                         METAL4:        0.4        0.0  0.000
                                         METAL5:        0.5        0.0  0.000
                                         METAL6:       15.2       29.8  0.983
                                         METAL7:        4.1        6.9  0.827
CTS_1880:
                65.8     117.2    0.890
                                         METAL3:        0.9        0.9  0.500
                                         METAL4:        0.4        0.8  1.000
                                         METAL5:        1.4        0.0  0.000
                                         METAL6:       63.1      115.4  0.914
CTS_2007:
                47.7      85.1    0.892
                                         METAL1:        0.5        0.0  0.000
                                         METAL2:        6.6        9.7  0.739
                                         METAL6:       36.1       68.5  0.950
                                         METAL7:        4.6        6.9  0.745
CTS_1919:
                12.4      22.2    0.895
                                         METAL2:        7.8       14.3  0.918
                                         METAL3:        4.6        7.9  0.856
CTS_1585:
                10.6      18.9    0.895
                                         METAL2:        8.2       14.3  0.866
                                         METAL3:        2.3        4.6  1.000
CTS_1854:
                77.4     139.1    0.898
                                         METAL6:        2.9        4.2  0.732
                                         METAL7:       74.5      134.8  0.905
CTS_1539:
                90.9     163.4    0.899
                                         METAL5:        0.5        0.0  0.000
                                         METAL6:       54.5      105.8  0.970
                                         METAL7:       35.9       57.6  0.803
CTS_1811:
               130.1     234.0    0.899
                                         METAL4:        0.4        0.0  0.000
                                         METAL5:        0.5        0.5  0.500
                                         METAL6:       19.3       20.0  0.520
                                         METAL7:      109.9      213.5  0.971
CTS_1916:
                68.0     122.9    0.904
                                         METAL6:        0.8        0.8  0.500
                                         METAL7:       67.2      122.0  0.909
CTS_1756:
                85.9     155.6    0.906
                                         METAL3:        0.5        0.0  0.000
                                         METAL4:       23.8       44.1  0.928
                                         METAL6:        7.4        9.5  0.646
                                         METAL7:       54.3      102.0  0.939
CTS_2011:
                17.5      31.8    0.908
                                         METAL2:        6.6       11.7  0.895
                                         METAL6:        0.8        0.8  0.500
                                         METAL7:       10.1       19.2  0.949
CTS_2034:
               265.1     481.7    0.909
                                         METAL5:        0.5        0.0  0.000
                                         METAL6:       25.4       50.8  1.000
                                         METAL7:      239.2      430.8  0.901
CTS_1795:
               267.3     486.3    0.910
                                         METAL5:        0.5        0.0  0.000
                                         METAL6:      132.0      263.6  0.998
                                         METAL7:      134.8      222.7  0.826
CTS_1912:
                25.9      47.3    0.912
                                         METAL3:       16.1       27.8  0.864
                                         METAL6:        9.8       19.5  0.990
CTS_2035:
                38.8      70.8    0.912
                                         METAL4:        0.4        0.0  0.000
                                         METAL5:        6.9        9.4  0.678
                                         METAL6:       28.3       55.9  0.987
                                         METAL7:        3.2        5.6  0.873
CTS_1653:
                12.3      22.5    0.913
                                         METAL2:        0.8        0.8  0.500
                                         METAL3:       11.5       21.7  0.942
CTS_1985:
                64.4     117.7    0.913
                                         METAL4:        7.8       13.6  0.875
                                         METAL5:        0.5        0.5  0.500
                                         METAL6:        7.0       12.9  0.927
                                         METAL7:       49.2       90.7  0.921
CTS_1671:
                29.4      53.8    0.915
                                         METAL2:        0.4        0.0  0.000
                                         METAL3:       21.2       40.6  0.960
                                         METAL4:        7.8       13.1  0.842
CTS_1953:
                87.5     160.2    0.916
                                         METAL5:        1.4        1.0  0.370
                                         METAL6:       33.2       62.5  0.940
                                         METAL7:       52.9       96.8  0.915
CTS_1846:
               115.6     211.8    0.916
                                         METAL2:        0.4        0.0  0.000
                                         METAL5:        0.5        0.5  0.500
                                         METAL6:       21.3       41.7  0.977
                                         METAL7:       93.4      169.6  0.908
CTS_1757:
                11.8      21.6    0.917
                                         METAL2:        1.6        1.3  0.405
                                         METAL3:       10.1       20.2  1.000
CTS_1578:
                14.8      27.2    0.920
                                         METAL2:       14.8       27.2  0.920
CTS_1938:
               115.8     213.1    0.920
                                         METAL5:        0.5        0.5  0.500
                                         METAL6:      110.7      212.6  0.960
                                         METAL7:        4.6        0.0  0.000
CTS_1951:
                72.2     132.9    0.921
                                         METAL1:        0.5        0.0  0.000
                                         METAL2:        0.8        0.0  0.000
                                         METAL3:       17.5       31.9  0.914
                                         METAL4:        4.9        4.9  0.500
                                         METAL5:        0.9        0.9  0.500
                                         METAL6:       47.6       95.1  1.000
CTS_1842:
                45.4      83.9    0.924
                                         METAL6:        1.2        1.6  0.667
                                         METAL7:       44.2       82.3  0.931
CTS_1793:
               253.6     469.3    0.925
                                         METAL3:        0.9        0.9  0.500
                                         METAL5:        0.9        0.5  0.250
                                         METAL6:      251.7      467.9  0.929
CTS_1900:
                20.6      38.2    0.926
                                         METAL2:        0.4        0.0  0.000
                                         METAL5:        5.1        8.4  0.828
                                         METAL6:       15.2       29.8  0.983
CTS_1816:
                60.3     111.9    0.927
                                         METAL2:        0.8        0.4  0.250
                                         METAL3:       15.2       28.2  0.928
                                         METAL5:        0.5        0.0  0.000
                                         METAL6:       43.9       83.3  0.949
CTS_2008:
                71.7     132.9    0.927
                                         METAL5:        0.5        0.9  1.000
                                         METAL6:       30.8       60.7  0.987
                                         METAL7:       40.5       71.3  0.881
CTS_1689:
                84.4     156.9    0.930
                                         METAL2:        0.4        0.4  0.500
                                         METAL5:        0.5        0.0  0.000
                                         METAL6:       73.4      146.2  0.996
                                         METAL7:       10.1       10.3  0.507
CTS_1557:
                89.8     167.1    0.931
                                         METAL3:        0.9        0.9  0.500
                                         METAL5:        1.4        1.8  0.667
                                         METAL6:       29.5       56.4  0.955
                                         METAL7:       58.0      108.0  0.932
CTS_1537:
                37.8      70.4    0.932
                                         METAL3:       26.7       51.7  0.969
                                         METAL4:       11.1       18.7  0.843
CTS_1538:
                91.7     171.0    0.932
                                         METAL2:        0.8        0.0  0.000
                                         METAL3:        1.4        1.4  0.500
                                         METAL4:        0.4        0.4  0.500
                                         METAL5:       18.4       36.8  1.000
                                         METAL6:       65.2      123.0  0.944
                                         METAL7:        5.5        9.4  0.852
CTS_1974:
                 9.1      17.0    0.932
                                         METAL2:        0.8        0.4  0.250
                                         METAL3:        8.3       16.6  1.000
CTS_1999:
               134.2     250.3    0.933
                                         METAL6:       80.4      159.1  0.990
                                         METAL7:       53.8       91.3  0.848
CTS_1889:
                62.9     117.5    0.933
                                         METAL1:        1.8        0.0  0.000
                                         METAL2:        0.4        0.0  0.000
                                         METAL3:        0.9        0.0  0.000
                                         METAL6:       23.0       43.9  0.956
                                         METAL7:       36.8       73.6  1.000
CTS_1819:
                98.0     183.8    0.938
                                         METAL5:        1.4        2.0  0.739
                                         METAL6:        7.4       13.7  0.930
                                         METAL7:       89.2      168.1  0.942
CTS_1881:
                63.8     120.5    0.944
                                         METAL1:        1.8        0.0  0.000
                                         METAL2:        0.4        0.0  0.000
                                         METAL3:        0.9        0.9  0.500
                                         METAL6:        0.4        0.0  0.000
                                         METAL7:       60.3      119.6  0.993
CTS_1966:
                11.5      21.8    0.944
                                         METAL2:        0.4        0.0  0.000
                                         METAL3:        4.1        8.3  1.000
                                         METAL4:        7.0       13.5  0.967
CTS_1954:
               149.9     283.1    0.945
                                         METAL6:       76.3      152.0  0.997
                                         METAL7:       73.6      131.1  0.890
CTS_1772:
               129.8     245.7    0.947
                                         METAL2:        0.4        0.0  0.000
                                         METAL3:        0.9        0.9  0.500
                                         METAL5:        0.5        0.9  1.000
                                         METAL6:       82.0      162.5  0.991
                                         METAL7:       46.0       81.4  0.885
CTS_1829:
                60.5     114.5    0.947
                                         METAL1:        1.8        0.0  0.000
                                         METAL2:        0.4        0.0  0.000
                                         METAL3:        0.9        0.9  0.500
                                         METAL6:       54.5      108.1  0.991
                                         METAL7:        2.8        5.5  1.000
CTS_1730:
               288.8     548.2    0.949
                                         METAL6:      144.3      287.5  0.996
                                         METAL7:      144.4      260.7  0.902
CTS_1604:
                62.5     118.6    0.949
                                         METAL1:        0.5        0.0  0.000
                                         METAL3:        2.3        0.0  0.000
                                         METAL6:        0.8        0.8  0.500
                                         METAL7:       58.9      117.8  1.000
CTS_1813:
               107.7     204.7    0.950
                                         METAL6:       55.8      110.0  0.987
                                         METAL7:       52.0       94.7  0.911
CTS_1835:
               206.9     393.5    0.951
                                         METAL4:        0.4        0.0  0.000
                                         METAL5:        0.5        0.5  0.500
                                         METAL6:       19.3       36.1  0.936
                                         METAL7:      186.8      357.0  0.956
CTS_1668:
                80.4     153.0    0.951
                                         METAL2:        0.8        0.0  0.000
                                         METAL6:        0.4        0.8  1.000
                                         METAL7:        6.2        6.2  0.500
                                         METAL8:       73.0      146.0  1.000
CTS_1727:
                81.2     155.0    0.955
                                         METAL3:        2.3        1.8  0.400
                                         METAL5:        0.5        0.9  1.000
                                         METAL6:       73.8      147.6  1.000
                                         METAL7:        4.6        4.6  0.500
CTS_1555:
                96.2     183.7    0.955
                                         METAL6:       59.9      118.4  0.989
                                         METAL7:       36.3       65.3  0.898
CTS_1660:
               215.4     411.7    0.956
                                         METAL6:      206.2      411.7  0.998
                                         METAL7:        9.2        0.0  0.000
CTS_1987:
               151.3     289.2    0.956
                                         METAL2:        0.8        0.8  0.500
                                         METAL3:        0.5        0.0  0.000
                                         METAL5:        0.5        0.0  0.000
                                         METAL6:        7.0       13.0  0.931
                                         METAL7:      142.6      275.4  0.966
CTS_1791:
               249.0     476.2    0.956
                                         METAL6:       74.6      148.4  0.995
                                         METAL7:      174.3      327.8  0.940
CTS_1650:
                10.6      20.2    0.957
                                         METAL1:        0.5        0.0  0.000
                                         METAL3:       10.1       20.2  1.000
CTS_1788:
                80.6     154.4    0.958
                                         METAL5:        1.4        1.4  0.500
                                         METAL6:       74.6      149.2  1.000
                                         METAL7:        4.6        3.8  0.411
CTS_1749:
                48.9      93.7    0.958
                                         METAL6:        1.6        1.6  0.500
                                         METAL7:        4.6        6.8  0.735
                                         METAL8:       42.6       85.3  1.000
CTS_1760:
               130.5     250.5    0.960
                                         METAL3:        1.4        1.4  0.500
                                         METAL5:        0.5        0.0  0.000
                                         METAL6:      121.8      242.3  0.995
                                         METAL7:        6.9        6.9  0.500
CTS_1574:
               124.7     239.4    0.960
                                         METAL6:       11.1       21.6  0.975
                                         METAL7:      113.6      217.8  0.958
CTS_2032:
               246.5     473.7    0.961
                                         METAL5:        0.5        0.5  0.500
                                         METAL6:      106.2      211.1  0.994
                                         METAL7:      139.8      262.1  0.937
CTS_1818:
                48.0      92.4    0.963
                                         METAL1:        0.5        0.0  0.000
                                         METAL3:        1.8        3.7  1.000
                                         METAL5:        1.4        0.9  0.333
                                         METAL6:       44.3       87.8  0.991
CTS_1712:
                53.2     102.5    0.964
                                         METAL2:        0.4        0.0  0.000
                                         METAL5:        0.5        0.5  0.500
                                         METAL6:        4.9        8.1  0.822
                                         METAL7:       47.4       93.9  0.991
CTS_2023:
                68.8     132.7    0.964
                                         METAL6:        9.0       16.6  0.921
                                         METAL7:       59.8      116.1  0.971
CTS_1647:
                69.3     133.7    0.964
                                         METAL3:        1.4        2.8  1.000
                                         METAL6:        8.6       13.3  0.774
                                         METAL7:       59.3      117.7  0.991
CTS_1713:
                86.5     166.9    0.964
                                         METAL1:        0.5        0.0  0.000
                                         METAL6:        7.4       13.1  0.886
                                         METAL7:       78.7      153.8  0.977
CTS_1605:
               139.0     268.6    0.966
                                         METAL2:        0.8        0.0  0.000
                                         METAL6:       36.1       71.8  0.994
                                         METAL7:      102.1      196.9  0.964
CTS_1704:
                73.3     141.9    0.968
                                         METAL3:        0.9        0.0  0.000
                                         METAL4:        0.4        0.0  0.000
                                         METAL6:       66.0      130.0  0.984
                                         METAL7:        6.0       12.0  1.000
CTS_1754:
                48.0      93.0    0.968
                                         METAL6:        6.2       11.9  0.967
                                         METAL7:       41.9       81.1  0.968
CTS_1956:
               177.4     343.9    0.969
                                         METAL2:        0.4        0.0  0.000
                                         METAL3:        1.4        0.0  0.000
                                         METAL4:        0.8        0.8  0.500
                                         METAL5:       12.9       19.4  0.752
                                         METAL6:      162.0      323.7  0.999
CTS_1790:
               187.4     363.3    0.969
                                         METAL6:      152.9      302.4  0.989
                                         METAL7:       34.5       60.9  0.883
CTS_1544:
               246.0     477.5    0.971
                                         METAL2:        0.4        0.0  0.000
                                         METAL6:        0.8        0.8  0.500
                                         METAL7:      244.7      476.6  0.974
CTS_1850:
                54.8     106.5    0.971
                                         METAL6:       52.1      103.7  0.996
                                         METAL7:        2.8        2.8  0.500
CTS_2029:
                99.6     193.8    0.973
                                         METAL1:        0.9        0.0  0.000
                                         METAL5:        0.9        1.8  1.000
                                         METAL6:       58.6      117.3  1.000
                                         METAL7:       39.1       74.7  0.955
CTS_1629:
                17.1      33.2    0.973
                                         METAL1:        0.5        0.0  0.000
                                         METAL3:        1.8        3.7  1.000
                                         METAL6:       14.8       29.5  1.000
CTS_1923:
               135.4     263.6    0.973
                                         METAL6:       58.6      116.9  0.997
                                         METAL7:       76.8      146.8  0.955
CTS_1637:
               129.4     251.9    0.973
                                         METAL4:        0.4        0.0  0.000
                                         METAL6:       70.1      139.6  0.995
                                         METAL7:       58.9      112.3  0.954
CTS_1655:
                87.2     169.7    0.973
                                         METAL6:       81.2      157.7  0.971
                                         METAL7:        6.0       12.0  1.000
CTS_1931:
                54.3     105.7    0.974
                                         METAL3:        2.8        5.5  1.000
                                         METAL6:        3.7        7.4  1.000
                                         METAL7:       47.8       92.8  0.970
CTS_1745:
                44.1      85.8    0.974
                                         METAL4:        0.4        0.0  0.000
                                         METAL5:        0.5        0.5  0.500
                                         METAL6:       34.4       68.7  0.997
                                         METAL7:        8.7       16.7  0.953
CTS_1639:
               115.4     224.8    0.974
                                         METAL6:        4.1        8.2  1.000
                                         METAL7:      111.3      216.7  0.973
CTS_2013:
                63.2     123.2    0.974
                                         METAL5:        0.9        0.0  0.000
                                         METAL6:       58.6      116.7  0.995
                                         METAL7:        3.7        6.5  0.889
CTS_1595:
                89.5     174.3    0.974
                                         METAL2:        0.4        0.0  0.000
                                         METAL4:        7.0       11.4  0.813
                                         METAL5:        0.9        0.9  0.500
                                         METAL6:       70.5      140.8  0.999
                                         METAL7:       10.6       21.2  1.000
CTS_1693:
                67.6     132.0    0.976
                                         METAL4:        0.4        0.0  0.000
                                         METAL5:       26.2       51.1  0.974
                                         METAL6:       41.0       81.0  0.987
CTS_1978:
                81.1     158.4    0.977
                                         METAL4:        0.8        0.0  0.000
                                         METAL6:       16.8       32.2  0.957
                                         METAL7:       63.5      126.2  0.994
CTS_1988:
               228.2     445.8    0.977
                                         METAL3:        0.9        0.0  0.000
                                         METAL5:        1.4        1.0  0.370
                                         METAL6:      222.2      443.7  0.998
                                         METAL7:        3.7        1.0  0.139
CTS_1899:
               234.5     458.4    0.977
                                         METAL1:        0.5        0.0  0.000
                                         METAL5:        1.4        2.0  0.739
                                         METAL6:      140.2      279.6  0.997
                                         METAL7:       92.5      176.8  0.956
CTS_1656:
               273.6     535.1    0.978
                                         METAL5:        0.5        0.5  0.500
                                         METAL6:      125.5      249.6  0.995
                                         METAL7:      147.7      285.0  0.965
CTS_1723:
                39.9      78.0    0.978
                                         METAL6:        8.6       16.6  0.965
                                         METAL7:       31.3       61.4  0.982
CTS_1546:
                89.9     176.3    0.981
                                         METAL4:        0.4        0.4  0.500
                                         METAL5:        8.7       15.2  0.872
                                         METAL6:       80.8      160.7  0.995
CTS_1834:
               112.5     220.8    0.981
                                         METAL1:        0.9        0.0  0.000
                                         METAL2:        0.4        0.0  0.000
                                         METAL5:        0.9        0.5  0.250
                                         METAL6:      110.3      220.4  0.999
CTS_1887:
                49.3      96.9    0.982
                                         METAL5:        0.9        1.8  1.000
                                         METAL6:       36.9       72.1  0.976
                                         METAL7:       11.5       23.0  1.000
CTS_1606:
               253.9     499.1    0.983
                                         METAL6:      170.2      338.4  0.994
                                         METAL7:       83.7      160.8  0.960
CTS_2027:
               141.9     279.1    0.983
                                         METAL5:        0.5        0.0  0.000
                                         METAL6:       95.9      191.3  0.997
                                         METAL7:       45.5       87.8  0.964
CTS_1573:
               107.9     212.1    0.983
                                         METAL3:        1.8        1.5  0.401
                                         METAL5:        1.4        1.8  0.667
                                         METAL6:       81.2      161.8  0.997
                                         METAL7:       23.5       46.9  1.000
CTS_1893:
               351.9     692.0    0.983
                                         METAL5:        2.8        2.0  0.370
                                         METAL6:      309.6      612.8  0.990
                                         METAL7:       39.6       77.2  0.976
CTS_1944:
               294.0     578.9    0.985
                                         METAL5:        0.5        0.5  0.500
                                         METAL6:      143.1      285.8  0.999
                                         METAL7:      150.4      292.7  0.973
CTS_1864:
               106.8     210.4    0.985
                                         METAL3:        0.5        0.9  1.000
                                         METAL4:       27.1       53.3  0.985
                                         METAL5:        0.5        0.0  0.000
                                         METAL6:       32.4       63.2  0.976
                                         METAL7:       46.5       92.9  1.000
CTS_1925:
               278.8     550.9    0.988
                                         METAL5:        0.5        0.5  0.500
                                         METAL6:      142.7      283.0  0.992
                                         METAL7:      135.7      267.4  0.986
CTS_1826:
                91.8     181.3    0.988
                                         METAL3:        0.5        0.0  0.000
                                         METAL6:       81.2      161.1  0.992
                                         METAL7:       10.1       20.2  1.000
CTS_1932:
                72.4     143.2    0.989
                                         METAL3:        0.9        1.8  1.000
                                         METAL5:        0.5        0.9  1.000
                                         METAL6:       62.3      124.6  1.000
                                         METAL7:        8.7       15.8  0.906
CTS_1970:
                75.8     149.9    0.989
                                         METAL2:        0.8        0.0  0.000
                                         METAL6:        7.8       15.6  1.000
                                         METAL7:       67.2      134.3  1.000
CTS_1572:
                74.8     148.1    0.990
                                         METAL1:        0.5        0.0  0.000
                                         METAL3:        2.3        4.0  0.865
                                         METAL6:       65.6      131.2  1.000
                                         METAL7:        6.4       12.9  1.000
CTS_1890:
               173.9     344.7    0.991
                                         METAL3:        0.5        0.0  0.000
                                         METAL5:       19.3       36.9  0.954
                                         METAL6:      154.2      307.8  0.998
CTS_1921:
               282.9     561.0    0.991
                                         METAL4:        0.4        0.0  0.000
                                         METAL6:       86.1      170.9  0.993
                                         METAL7:      196.4      390.1  0.993
CTS_1676:
               148.6     294.6    0.992
                                         METAL2:        0.4        0.1  0.122
                                         METAL5:        1.4        2.3  0.833
                                         METAL6:      146.8      292.2  0.995
CTS_1646:
                96.8     192.0    0.992
                                         METAL6:        2.0        2.5  0.600
                                         METAL7:       94.8      189.5  1.000
CTS_1603:
               108.8     216.1    0.993
                                         METAL5:        0.5        0.5  0.500
                                         METAL6:      103.3      205.5  0.995
                                         METAL7:        5.1       10.1  1.000
CTS_1673:
                66.5     132.1    0.993
                                         METAL3:        0.9        0.9  0.500
                                         METAL5:        0.5        0.9  1.000
                                         METAL6:       58.2      116.4  1.000
                                         METAL7:        6.9       13.8  1.000
CTS_1694:
               177.8     353.4    0.994
                                         METAL4:        0.4        0.0  0.000
                                         METAL6:       88.2      175.7  0.997
                                         METAL7:       89.2      177.7  0.995
CTS_1654:
               113.0     224.7    0.994
                                         METAL3:        0.9        0.5  0.250
                                         METAL4:       14.3       28.7  1.000
                                         METAL6:        1.6        3.3  1.000
                                         METAL7:       96.1      192.3  1.000
CTS_1904:
               141.5     281.4    0.995
                                         METAL5:        0.5        0.0  0.000
                                         METAL6:      133.7      266.7  0.998
                                         METAL7:        7.4       14.7  1.000
CTS_1873:
               226.1     449.8    0.995
                                         METAL3:        1.4        1.4  0.500
                                         METAL5:       11.5       22.1  0.960
                                         METAL6:      213.2      426.3  1.000
CTS_1915:
                80.6     160.5    0.995
                                         METAL2:        0.4        0.0  0.000
                                         METAL4:        0.4        0.8  1.000
                                         METAL5:       26.2       52.4  1.000
                                         METAL6:       50.8      101.7  1.000
                                         METAL7:        2.8        5.5  1.000
CTS_1636:
                97.0     193.2    0.996
                                         METAL6:        0.4        0.0  0.000
                                         METAL7:       96.6      193.2  1.000
CTS_1602:
                94.3     187.9    0.996
                                         METAL6:        7.4       14.1  0.952
                                         METAL7:       86.9      173.9  1.000
CTS_1855:
                80.4     160.3    0.997
                                         METAL5:        0.5        0.5  0.500
                                         METAL6:       80.0      159.8  0.999
CTS_1563:
                73.7     146.9    0.997
                                         METAL5:        0.5        0.5  0.500
                                         METAL6:       36.9       73.8  1.000
                                         METAL7:       36.3       72.7  1.000
CTS_1586:
               156.0     311.1    0.997
                                         METAL3:        0.5        0.0  0.000
                                         METAL6:       37.3       74.6  1.000
                                         METAL7:      118.2      236.4  1.000
CTS_1658:
               250.0     500.0    1.000
                                         METAL5:        0.9        1.8  1.000
                                         METAL6:      216.9      433.7  1.000
                                         METAL7:       32.2       64.4  1.000
CTS_1719:
                12.9      25.8    1.000
                                         METAL2:        0.4        0.8  1.000
                                         METAL3:        5.1       10.1  1.000
                                         METAL5:        0.5        0.9  1.000
                                         METAL6:        7.0       13.9  1.000
CTS_1582:
                47.2      94.4    1.000
                                         METAL6:        1.6        3.3  1.000
                                         METAL7:       45.5       91.1  1.000
CTS_1872:
               108.0     216.0    1.000
                                         METAL6:        0.8        1.6  1.000
                                         METAL7:      107.2      214.4  1.000

average:        65.0     116.4    0.896


